// Jest Snapshot v1, https://goo.gl/fbAQLP

exports[`Weather card Component should match snapshot 1`] = `
Object {
  "asFragment": [Function],
  "baseElement": <body>
    <div>
      <div
        class="MuiPaper-root MuiCard-root makeStyles-card-1 MuiPaper-elevation1 MuiPaper-rounded"
      >
        <div
          class="MuiCardContent-root"
        >
          <p
            class="MuiTypography-root makeStyles-title-3 MuiTypography-body1 MuiTypography-colorTextSecondary MuiTypography-gutterBottom"
          >
            Temperature
          </p>
          <p
            class="MuiTypography-root makeStyles-temperature-4 MuiTypography-body1 MuiTypography-colorTextSecondary MuiTypography-gutterBottom"
          >
            11.26
             
            F
          </p>
          <p
            class="MuiTypography-root makeStyles-title-3 MuiTypography-body1 MuiTypography-colorTextSecondary MuiTypography-gutterBottom"
          >
            Clouds
          </p>
          <p
            class="MuiTypography-root makeStyles-date-5 MuiTypography-body1 MuiTypography-colorTextSecondary MuiTypography-gutterBottom"
          >
            27 Aug 2021
          </p>
        </div>
      </div>
    </div>
  </body>,
  "container": <div>
    <div
      class="MuiPaper-root MuiCard-root makeStyles-card-1 MuiPaper-elevation1 MuiPaper-rounded"
    >
      <div
        class="MuiCardContent-root"
      >
        <p
          class="MuiTypography-root makeStyles-title-3 MuiTypography-body1 MuiTypography-colorTextSecondary MuiTypography-gutterBottom"
        >
          Temperature
        </p>
        <p
          class="MuiTypography-root makeStyles-temperature-4 MuiTypography-body1 MuiTypography-colorTextSecondary MuiTypography-gutterBottom"
        >
          11.26
           
          F
        </p>
        <p
          class="MuiTypography-root makeStyles-title-3 MuiTypography-body1 MuiTypography-colorTextSecondary MuiTypography-gutterBottom"
        >
          Clouds
        </p>
        <p
          class="MuiTypography-root makeStyles-date-5 MuiTypography-body1 MuiTypography-colorTextSecondary MuiTypography-gutterBottom"
        >
          27 Aug 2021
        </p>
      </div>
    </div>
  </div>,
  "debug": [Function],
  "findAllByAltText": [Function],
  "findAllByDisplayValue": [Function],
  "findAllByLabelText": [Function],
  "findAllByPlaceholderText": [Function],
  "findAllByRole": [Function],
  "findAllByTestId": [Function],
  "findAllByText": [Function],
  "findAllByTitle": [Function],
  "findByAltText": [Function],
  "findByDisplayValue": [Function],
  "findByLabelText": [Function],
  "findByPlaceholderText": [Function],
  "findByRole": [Function],
  "findByTestId": [Function],
  "findByText": [Function],
  "findByTitle": [Function],
  "getAllByAltText": [Function],
  "getAllByDisplayValue": [Function],
  "getAllByLabelText": [Function],
  "getAllByPlaceholderText": [Function],
  "getAllByRole": [Function],
  "getAllByTestId": [Function],
  "getAllByText": [Function],
  "getAllByTitle": [Function],
  "getByAltText": [Function],
  "getByDisplayValue": [Function],
  "getByLabelText": [Function],
  "getByPlaceholderText": [Function],
  "getByRole": [Function],
  "getByTestId": [Function],
  "getByText": [Function],
  "getByTitle": [Function],
  "queryAllByAltText": [Function],
  "queryAllByDisplayValue": [Function],
  "queryAllByLabelText": [Function],
  "queryAllByPlaceholderText": [Function],
  "queryAllByRole": [Function],
  "queryAllByTestId": [Function],
  "queryAllByText": [Function],
  "queryAllByTitle": [Function],
  "queryByAltText": [Function],
  "queryByDisplayValue": [Function],
  "queryByLabelText": [Function],
  "queryByPlaceholderText": [Function],
  "queryByRole": [Function],
  "queryByTestId": [Function],
  "queryByText": [Function],
  "queryByTitle": [Function],
  "rerender": [Function],
  "unmount": [Function],
}
`;
